elapsed;gap;fitness;solution
15.91s;2.94952%;1815;[[1, 7, 21, 40], [5, 78, 68, 43, 16, 61, 57, 75, 20, 31], [10, 11, 24, 6, 23, 62, 13], [12, 44, 30, 8, 37, 2, 34, 63], [27, 59, 19, 26, 35, 65, 69, 56, 47, 41, 25, 46], [36, 70, 50, 45, 22, 4, 32, 58], [38, 76, 72, 54, 9, 55, 15, 33, 64, 51], [42, 3, 77, 53, 73, 49], [52, 28, 79, 18, 48, 14, 71], [67, 66, 39, 60, 17, 29, 74]]
7.65s;2.94952%;1815;[[1, 7, 40], [3, 74, 17, 60, 39, 77], [5, 30, 78, 68, 43, 16, 61, 59, 27, 29], [11, 52, 28, 79, 18, 48, 14], [12, 44, 62, 63, 71, 10, 21], [13, 51, 31, 20, 75, 57, 19, 47, 26, 35, 65, 69, 56, 15, 33], [23, 24, 6, 8, 37, 2, 34], [42, 36, 66, 67, 70, 58, 38, 49], [53, 64, 46, 25, 41, 55, 9, 54, 72], [73, 32, 4, 22, 45, 50, 76]]
10.27s;3.46001%;1824;[[1, 7, 21, 40], [10, 71, 28, 79, 18, 48, 14], [12, 44, 5, 30, 6, 23, 62], [13, 74, 17, 3, 42], [24, 8, 37, 2, 34, 52, 11, 63], [27, 59, 20, 75, 25, 41, 46, 60, 77], [29, 31, 19, 57, 61, 16, 43, 68, 78], [36, 53, 66, 70, 38, 73, 49], [51, 39, 64, 33, 15, 47, 26, 35, 65, 69, 56, 55, 9, 54, 72], [58, 32, 4, 22, 45, 50, 76, 67]]

avg_time;avg_ans;best_ans;worst_ans;avg_gap;best_gap;worst_gap
11.28s;1818.00;1815;1824;3.11968%;2.94952%;3.46001%
